# Model list for a human owner, including Codex rows without supported_endpoints
request: GET /v1/models
status: 200
header Content-Type: application/json
body:
{
  "data": [
    {
      "display_name": "Claude Fixture",
      "id": "claude-fixture",
      "object": "model",
      "owned_by": "native"
    },
    {
      "display_name": "GPT Fixture",
      "emulated_surfaces": [
        "/v1/chat/completions",
        "/v1/messages"
      ],
      "id": "codex/gpt-fixture",
      "native_surfaces": [
        "/v1/responses"
      ],
      "object": "model",
      "owned_by": "codex",
      "supported_endpoints": [
        "/responses"
      ],
      "supported_surfaces": [
        "/responses"
      ],
      "typed_capabilities": {
        "freshness": {
          "discovered_at": "<time>"
        },
        "inputs": {
          "image": "unknown",
          "text": "supported"
        },
        "limits": {},
        "operations": {
          "audio_in": "unknown",
          "audio_out": "unknown",
          "chat": "supported",
          "embeddings": "unknown",
          "image": "unknown",
          "token_count": "unknown",
          "video": "unknown"
        },
        "provenance": {
          "confidence": "medium",
          "source": "inferred"
        },
        "reasoning": "unknown",
        "schema_version": 1,
        "stateful_responses": "unknown",
        "streaming": "unknown",
        "structured_output": "unknown",
        "surfaces": {
          "chat_completions": "unknown",
          "messages": "unknown",
          "responses": "supported"
        },
        "tools": "unknown"
      }
    },
    {
      "emulated_surfaces": [
        "/v1/responses",
        "/v1/messages"
      ],
      "id": "fixture-a/model-a",
      "native_surfaces": [
        "/v1/chat/completions"
      ],
      "object": "model",
      "owned_by": "fixture-a",
      "supported_endpoints": [
        "/chat/completions"
      ],
      "supported_surfaces": [
        "/chat/completions"
      ],
      "typed_capabilities": {
        "freshness": {
          "discovered_at": "<time>"
        },
        "inputs": {
          "image": "unknown",
          "text": "supported"
        },
        "limits": {},
        "operations": {
          "audio_in": "unknown",
          "audio_out": "unknown",
          "chat": "supported",
          "embeddings": "unknown",
          "image": "unknown",
          "token_count": "unknown",
          "video": "unknown"
        },
        "provenance": {
          "confidence": "medium",
          "source": "inferred"
        },
        "reasoning": "unknown",
        "schema_version": 1,
        "stateful_responses": "unknown",
        "streaming": "unknown",
        "structured_output": "unknown",
        "surfaces": {
          "chat_completions": "supported",
          "messages": "unknown",
          "responses": "unknown"
        },
        "tools": "unknown"
      }
    },
    {
      "emulated_surfaces": [
        "/v1/responses",
        "/v1/messages"
      ],
      "id": "fixture-b/model-b",
      "native_surfaces": [
        "/v1/chat/completions"
      ],
      "object": "model",
      "owned_by": "fixture-b",
      "supported_endpoints": [
        "/chat/completions"
      ],
      "supported_surfaces": [
        "/chat/completions"
      ],
      "typed_capabilities": {
        "freshness": {
          "discovered_at": "<time>"
        },
        "inputs": {
          "image": "unknown",
          "text": "supported"
        },
        "limits": {},
        "operations": {
          "audio_in": "unknown",
          "audio_out": "unknown",
          "chat": "supported",
          "embeddings": "unknown",
          "image": "unknown",
          "token_count": "unknown",
          "video": "unknown"
        },
        "provenance": {
          "confidence": "medium",
          "source": "inferred"
        },
        "reasoning": "unknown",
        "schema_version": 1,
        "stateful_responses": "unknown",
        "streaming": "unknown",
        "structured_output": "unknown",
        "surfaces": {
          "chat_completions": "supported",
          "messages": "unknown",
          "responses": "unknown"
        },
        "tools": "unknown"
      }
    },
    {
      "capabilities": {
        "chat": true
      },
      "failover": [
        {
          "model": "model-a",
          "provider": "fixture-a"
        },
        {
          "model": "model-b",
          "provider": "fixture-b"
        }
      ],
      "id": "fixture-failover",
      "object": "model",
      "owned_by": "endpoint",
      "supported_endpoints": [
        "/v1/chat/completions"
      ],
      "supported_surfaces": [
        "/v1/chat/completions"
      ]
    },
    {
      "emulated_surfaces": [
        "/v1/responses",
        "/v1/messages"
      ],
      "id": "fixture/chat-model",
      "native_surfaces": [
        "/v1/chat/completions"
      ],
      "object": "model",
      "owned_by": "fixture",
      "supported_endpoints": [
        "/chat/completions"
      ],
      "supported_surfaces": [
        "/chat/completions"
      ],
      "typed_capabilities": {
        "freshness": {
          "discovered_at": "<time>"
        },
        "inputs": {
          "image": "unknown",
          "text": "supported"
        },
        "limits": {},
        "operations": {
          "audio_in": "unknown",
          "audio_out": "unknown",
          "chat": "supported",
          "embeddings": "unknown",
          "image": "unknown",
          "token_count": "unknown",
          "video": "unknown"
        },
        "provenance": {
          "confidence": "medium",
          "source": "inferred"
        },
        "reasoning": "unknown",
        "schema_version": 1,
        "stateful_responses": "unknown",
        "streaming": "unknown",
        "structured_output": "unknown",
        "surfaces": {
          "chat_completions": "supported",
          "messages": "unknown",
          "responses": "unknown"
        },
        "tools": "unknown"
      }
    },
    {
      "emulated_surfaces": [
        "/v1/messages"
      ],
      "id": "fixture/responses-model",
      "native_surfaces": [
        "/v1/chat/completions",
        "/v1/responses"
      ],
      "object": "model",
      "owned_by": "fixture",
      "supported_endpoints": [
        "/chat/completions",
        "/responses"
      ],
      "supported_surfaces": [
        "/chat/completions",
        "/responses"
      ],
      "typed_capabilities": {
        "freshness": {
          "discovered_at": "<time>"
        },
        "inputs": {
          "image": "unknown",
          "text": "supported"
        },
        "limits": {},
        "operations": {
          "audio_in": "unknown",
          "audio_out": "unknown",
          "chat": "supported",
          "embeddings": "unknown",
          "image": "unknown",
          "token_count": "unknown",
          "video": "unknown"
        },
        "provenance": {
          "confidence": "medium",
          "source": "inferred"
        },
        "reasoning": "unknown",
        "schema_version": 1,
        "stateful_responses": "unknown",
        "streaming": "unknown",
        "structured_output": "unknown",
        "surfaces": {
          "chat_completions": "supported",
          "messages": "unknown",
          "responses": "supported"
        },
        "tools": "unknown"
      }
    },
    {
      "display_name": "Claude Fixture",
      "emulated_surfaces": [
        "/v1/chat/completions",
        "/v1/responses"
      ],
      "id": "native/claude-fixture",
      "native_surfaces": [
        "/v1/messages"
      ],
      "object": "model",
      "owned_by": "native",
      "supported_endpoints": [
        "/v1/messages"
      ],
      "supported_surfaces": [
        "/v1/messages"
      ],
      "typed_capabilities": {
        "freshness": {
          "discovered_at": "<time>"
        },
        "inputs": {
          "image": "unknown",
          "text": "supported"
        },
        "limits": {},
        "operations": {
          "audio_in": "unknown",
          "audio_out": "unknown",
          "chat": "supported",
          "embeddings": "unknown",
          "image": "unknown",
          "token_count": "unknown",
          "video": "unknown"
        },
        "provenance": {
          "confidence": "medium",
          "source": "inferred"
        },
        "reasoning": "unknown",
        "schema_version": 1,
        "stateful_responses": "unknown",
        "streaming": "unknown",
        "structured_output": "unknown",
        "surfaces": {
          "chat_completions": "unknown",
          "messages": "supported",
          "responses": "unknown"
        },
        "tools": "unknown"
      }
    }
  ],
  "object": "list"
}
