# Responses stream, native OpenAI-compatible
request: POST /v1/responses
status: 200
header Cache-Control: no-cache
header Connection: keep-alive
header Content-Type: text/event-stream
upstream: POST /f/responses
upstream body: {"input":"Say hello","model":"responses-model","stream":true}
body:
event: response.created
data: {"response":{"created_at":"<time>","id":"resp_fixture","instructions":null,"model":"responses-model","object":"response","output":[],"status":"in_progress"},"sequence_number":0,"type":"response.created"}

event: response.output_item.added
data: {"item":{"content":[],"id":"msg_fixture","role":"assistant","status":"in_progress","type":"message"},"output_index":0,"sequence_number":1,"type":"response.output_item.added"}

event: response.output_text.delta
data: {"content_index":0,"delta":"Hello","item_id":"msg_fixture","output_index":0,"sequence_number":2,"type":"response.output_text.delta"}

event: response.output_text.delta
data: {"content_index":0,"delta":" from responses","item_id":"msg_fixture","output_index":0,"sequence_number":3,"type":"response.output_text.delta"}

event: response.output_text.done
data: {"content_index":0,"item_id":"msg_fixture","output_index":0,"sequence_number":4,"text":"Hello from responses","type":"response.output_text.done"}

event: response.output_item.done
data: {"item":{"content":[{"annotations":[],"text":"Hello from responses","type":"output_text"}],"id":"msg_fixture","role":"assistant","status":"completed","type":"message"},"output_index":0,"sequence_number":5,"type":"response.output_item.done"}

event: response.completed
data: {"response":{"created_at":"<time>","id":"resp_fixture","instructions":null,"model":"responses-model","object":"response","output":[{"content":[{"annotations":[],"text":"Hello from responses","type":"output_text"}],"id":"msg_fixture","role":"assistant","status":"completed","type":"message"}],"status":"completed","usage":{"input_tokens":3,"output_tokens":4,"total_tokens":7}},"sequence_number":6,"type":"response.completed"}
